Starting server...
Creating service...
Enabling health check...
Initializing reflection...
Creating ServerBuilder...
Adding listening port: shmem://grpc_shmem_example
Registering service...
Building and starting server...
AddPort: Registering shmem server: grpc_shmem_example
AddPort: Creating server transport...
DEBUG: MakeNamedShmemServerTransport - Starting for server: grpc_shmem_example
DEBUG: MakeNamedShmemServerTransport - Created auth context: 0x56ec005ae630
DEBUG: Created segment, checking control block...
DEBUG: ShmemServerTransport constructor (2-arg) - Starting
DEBUG: ShmemServerTransport constructor - Auth context in args: 0x56ec005ae630
AddPort: Setting up transport with server...
DEBUG: Plugin - About to create auth context for SetupTransport
DEBUG: Plugin - Created auth context for SetupTransport: 0x56ec005ae630
DEBUG: Plugin - About to call SetupTransport with auth context: 0x56ec005ae630
DEBUG: SetCallDestination called for shmem server - starting reader thread
AddPort: Server transport set up successfully
Server listening on shmem://grpc_shmem_example ... DEBUG: ServerLoop: Iteration 50, checking for commands
DEBUG: ServerLoop: Iteration 100, checking for commands
